@!@!@STARTMSG 2262:0 @!@!@
TLC2 Version 2.19 of 08 August 2024 (rev: 5a47802)
@!@!@ENDMSG 2262 @!@!@
@!@!@STARTMSG 2187:0 @!@!@
Running breadth-first search Model-Checking with fp 12 and seed 4383955592867069300 with 8 workers on 16 cores with 1159MB heap and 2603MB offheap memory [pid: 17361] (Linux 6.11.0-26-generic amd64, AdoptOpenJDK 14.0.1 x86_64, OffHeapDiskFPSet, DiskStateQueue).
@!@!@ENDMSG 2187 @!@!@
@!@!@STARTMSG 2220:0 @!@!@
Starting SANY...
@!@!@ENDMSG 2220 @!@!@
Parsing file /home/crafters/Documents/SecondSemister/HPCAlgorithmDesign/ProjectDir/raft.tla/raftModelPerf_1.toolbox/Model_1/MC.tla
Parsing file /home/crafters/Documents/SecondSemister/HPCAlgorithmDesign/ProjectDir/raft.tla/raftModelPerf_1.toolbox/Model_1/raftModelPerf.tla
Parsing file /home/crafters/Documents/SecondSemister/HPCAlgorithmDesign/toolbox/plugins/org.lamport.tlatools_1.0.0.202408081326/tla2sany/StandardModules/TLC.tla
Parsing file /home/crafters/Documents/SecondSemister/HPCAlgorithmDesign/ProjectDir/raft.tla/raftModelPerf_1.toolbox/Model_1/raftSpec.tla
Parsing file /home/crafters/Documents/SecondSemister/HPCAlgorithmDesign/ProjectDir/raft.tla/raftModelPerf_1.toolbox/Model_1/raftActionsSolution.tla
Parsing file /home/crafters/Documents/SecondSemister/HPCAlgorithmDesign/ProjectDir/raft.tla/raftModelPerf_1.toolbox/Model_1/raftInit.tla
Parsing file /home/crafters/Documents/SecondSemister/HPCAlgorithmDesign/ProjectDir/raft.tla/raftModelPerf_1.toolbox/Model_1/raftHelpers.tla
Parsing file /home/crafters/Documents/SecondSemister/HPCAlgorithmDesign/ProjectDir/raft.tla/raftModelPerf_1.toolbox/Model_1/raftVariables.tla
Parsing file /home/crafters/Documents/SecondSemister/HPCAlgorithmDesign/ProjectDir/raft.tla/raftModelPerf_1.toolbox/Model_1/raftConstants.tla
Parsing file /home/crafters/Documents/SecondSemister/HPCAlgorithmDesign/toolbox/plugins/org.lamport.tlatools_1.0.0.202408081326/tla2sany/StandardModules/Naturals.tla
Parsing file /home/crafters/Documents/SecondSemister/HPCAlgorithmDesign/toolbox/plugins/org.lamport.tlatools_1.0.0.202408081326/tla2sany/StandardModules/FiniteSets.tla
Parsing file /home/crafters/Documents/SecondSemister/HPCAlgorithmDesign/toolbox/plugins/org.lamport.tlatools_1.0.0.202408081326/tla2sany/StandardModules/Sequences.tla
Semantic processing of module Naturals
Semantic processing of module Sequences
Semantic processing of module FiniteSets
Semantic processing of module TLC
Semantic processing of module raftConstants
Semantic processing of module raftVariables
Semantic processing of module raftHelpers
Semantic processing of module raftInit
Semantic processing of module raftActionsSolution
Semantic processing of module raftSpec
Semantic processing of module raftModelPerf
Semantic processing of module MC
@!@!@STARTMSG 2219:0 @!@!@
SANY finished.
@!@!@ENDMSG 2219 @!@!@
@!@!@STARTMSG 2185:0 @!@!@
Starting... (2025-05-26 07:07:53)
@!@!@ENDMSG 2185 @!@!@
@!@!@STARTMSG 2189:0 @!@!@
Computing initial states...
@!@!@ENDMSG 2189 @!@!@
@!@!@STARTMSG 2190:0 @!@!@
Finished computing initial states: 1 distinct state generated at 2025-05-26 07:07:54.
@!@!@ENDMSG 2190 @!@!@
@!@!@STARTMSG 2200:0 @!@!@
Progress(23) at 2025-05-26 07:07:57: 248,527 states generated (248,527 s/min), 61,939 distinct states found (61,939 ds/min), 16,870 states left on queue.
@!@!@ENDMSG 2200 @!@!@
@!@!@STARTMSG 2200:0 @!@!@
Progress(42) at 2025-05-26 07:08:57: 9,847,897 states generated (9,599,370 s/min), 2,406,506 distinct states found (2,344,567 ds/min), 257,605 states left on queue.
@!@!@ENDMSG 2200 @!@!@
