@!@!@STARTMSG 2262:0 @!@!@
TLC2 Version 2.19 of 08 August 2024 (rev: 5a47802)
@!@!@ENDMSG 2262 @!@!@
@!@!@STARTMSG 2187:0 @!@!@
Running breadth-first search Model-Checking with fp 6 and seed -791282031712481671 with 8 workers on 16 cores with 1159MB heap and 2603MB offheap memory [pid: 13444] (Linux 6.11.0-26-generic amd64, AdoptOpenJDK 14.0.1 x86_64, OffHeapDiskFPSet, DiskStateQueue).
@!@!@ENDMSG 2187 @!@!@
@!@!@STARTMSG 2220:0 @!@!@
Starting SANY...
@!@!@ENDMSG 2220 @!@!@
Parsing file /home/crafters/Documents/SecondSemister/HPCAlgorithmDesign/ProjectDir/raft.tla/raftModelPerf_1.toolbox/Model_1/MC.tla
Parsing file /home/crafters/Documents/SecondSemister/HPCAlgorithmDesign/ProjectDir/raft.tla/raftModelPerf_1.toolbox/Model_1/raftModelPerf.tla
Parsing file /home/crafters/Documents/SecondSemister/HPCAlgorithmDesign/toolbox/plugins/org.lamport.tlatools_1.0.0.202408081326/tla2sany/StandardModules/TLC.tla
Parsing file /home/crafters/Documents/SecondSemister/HPCAlgorithmDesign/ProjectDir/raft.tla/raftModelPerf_1.toolbox/Model_1/raftSpec.tla
Parsing file /home/crafters/Documents/SecondSemister/HPCAlgorithmDesign/ProjectDir/raft.tla/raftModelPerf_1.toolbox/Model_1/raftActionsSolution.tla
Parsing file /home/crafters/Documents/SecondSemister/HPCAlgorithmDesign/ProjectDir/raft.tla/raftModelPerf_1.toolbox/Model_1/raftInit.tla
Parsing file /home/crafters/Documents/SecondSemister/HPCAlgorithmDesign/ProjectDir/raft.tla/raftModelPerf_1.toolbox/Model_1/raftHelpers.tla
Parsing file /home/crafters/Documents/SecondSemister/HPCAlgorithmDesign/ProjectDir/raft.tla/raftModelPerf_1.toolbox/Model_1/raftVariables.tla
Parsing file /home/crafters/Documents/SecondSemister/HPCAlgorithmDesign/ProjectDir/raft.tla/raftModelPerf_1.toolbox/Model_1/raftConstants.tla
Parsing file /home/crafters/Documents/SecondSemister/HPCAlgorithmDesign/toolbox/plugins/org.lamport.tlatools_1.0.0.202408081326/tla2sany/StandardModules/Naturals.tla
Parsing file /home/crafters/Documents/SecondSemister/HPCAlgorithmDesign/toolbox/plugins/org.lamport.tlatools_1.0.0.202408081326/tla2sany/StandardModules/FiniteSets.tla
Parsing file /home/crafters/Documents/SecondSemister/HPCAlgorithmDesign/toolbox/plugins/org.lamport.tlatools_1.0.0.202408081326/tla2sany/StandardModules/Sequences.tla
Semantic processing of module Naturals
Semantic processing of module Sequences
Semantic processing of module FiniteSets
Semantic processing of module TLC
Semantic processing of module raftConstants
Semantic processing of module raftVariables
Semantic processing of module raftHelpers
Semantic processing of module raftInit
Semantic processing of module raftActionsSolution
Semantic processing of module raftSpec
Semantic processing of module raftModelPerf
Semantic processing of module MC
@!@!@STARTMSG 2219:0 @!@!@
SANY finished.
@!@!@ENDMSG 2219 @!@!@
@!@!@STARTMSG 2185:0 @!@!@
Starting... (2025-05-25 20:59:34)
@!@!@ENDMSG 2185 @!@!@
@!@!@STARTMSG 2189:0 @!@!@
Computing initial states...
@!@!@ENDMSG 2189 @!@!@
@!@!@STARTMSG 2190:0 @!@!@
Finished computing initial states: 1 distinct state generated at 2025-05-25 20:59:35.
@!@!@ENDMSG 2190 @!@!@
@!@!@STARTMSG 2200:0 @!@!@
Progress(15) at 2025-05-25 20:59:38: 214,636 states generated (214,636 s/min), 35,274 distinct states found (35,274 ds/min), 10,745 states left on queue.
@!@!@ENDMSG 2200 @!@!@
@!@!@STARTMSG 2200:0 @!@!@
Progress(29) at 2025-05-25 21:00:38: 6,746,019 states generated (6,531,383 s/min), 1,192,967 distinct states found (1,157,693 ds/min), 299,509 states left on queue.
@!@!@ENDMSG 2200 @!@!@
