@!@!@STARTMSG 2262:0 @!@!@
TLC2 Version 2.19 of 08 August 2024 (rev: 5a47802)
@!@!@ENDMSG 2262 @!@!@
@!@!@STARTMSG 2187:0 @!@!@
Running breadth-first search Model-Checking with fp 32 and seed 6774060571055498979 with 8 workers on 16 cores with 1159MB heap and 2603MB offheap memory [pid: 13671] (Linux 6.11.0-26-generic amd64, AdoptOpenJDK 14.0.1 x86_64, OffHeapDiskFPSet, DiskStateQueue).
@!@!@ENDMSG 2187 @!@!@
@!@!@STARTMSG 2220:0 @!@!@
Starting SANY...
@!@!@ENDMSG 2220 @!@!@
Parsing file /home/crafters/Documents/SecondSemister/HPCAlgorithmDesign/ProjectDir/raft.tla/raftModelPerf_1.toolbox/Model_1/MC.tla
Parsing file /home/crafters/Documents/SecondSemister/HPCAlgorithmDesign/ProjectDir/raft.tla/raftModelPerf_1.toolbox/Model_1/raftModelPerf.tla
Parsing file /home/crafters/Documents/SecondSemister/HPCAlgorithmDesign/toolbox/plugins/org.lamport.tlatools_1.0.0.202408081326/tla2sany/StandardModules/TLC.tla
Parsing file /home/crafters/Documents/SecondSemister/HPCAlgorithmDesign/ProjectDir/raft.tla/raftModelPerf_1.toolbox/Model_1/raftSpec.tla
Parsing file /home/crafters/Documents/SecondSemister/HPCAlgorithmDesign/ProjectDir/raft.tla/raftModelPerf_1.toolbox/Model_1/raftActionsSolution.tla
Parsing file /home/crafters/Documents/SecondSemister/HPCAlgorithmDesign/ProjectDir/raft.tla/raftModelPerf_1.toolbox/Model_1/raftInit.tla
Parsing file /home/crafters/Documents/SecondSemister/HPCAlgorithmDesign/ProjectDir/raft.tla/raftModelPerf_1.toolbox/Model_1/raftHelpers.tla
Parsing file /home/crafters/Documents/SecondSemister/HPCAlgorithmDesign/ProjectDir/raft.tla/raftModelPerf_1.toolbox/Model_1/raftVariables.tla
Parsing file /home/crafters/Documents/SecondSemister/HPCAlgorithmDesign/ProjectDir/raft.tla/raftModelPerf_1.toolbox/Model_1/raftConstants.tla
Parsing file /home/crafters/Documents/SecondSemister/HPCAlgorithmDesign/toolbox/plugins/org.lamport.tlatools_1.0.0.202408081326/tla2sany/StandardModules/Naturals.tla
Parsing file /home/crafters/Documents/SecondSemister/HPCAlgorithmDesign/toolbox/plugins/org.lamport.tlatools_1.0.0.202408081326/tla2sany/StandardModules/FiniteSets.tla
Parsing file /home/crafters/Documents/SecondSemister/HPCAlgorithmDesign/toolbox/plugins/org.lamport.tlatools_1.0.0.202408081326/tla2sany/StandardModules/Sequences.tla
Semantic processing of module Naturals
Semantic processing of module Sequences
Semantic processing of module FiniteSets
Semantic processing of module TLC
Semantic processing of module raftConstants
Semantic processing of module raftVariables
Semantic processing of module raftHelpers
Semantic processing of module raftInit
Semantic processing of module raftActionsSolution
Semantic processing of module raftSpec
Semantic processing of module raftModelPerf
Semantic processing of module MC
@!@!@STARTMSG 2219:0 @!@!@
SANY finished.
@!@!@ENDMSG 2219 @!@!@
@!@!@STARTMSG 2185:0 @!@!@
Starting... (2025-05-25 21:01:24)
@!@!@ENDMSG 2185 @!@!@
@!@!@STARTMSG 2189:0 @!@!@
Computing initial states...
@!@!@ENDMSG 2189 @!@!@
@!@!@STARTMSG 2190:0 @!@!@
Finished computing initial states: 1 distinct state generated at 2025-05-25 21:01:25.
@!@!@ENDMSG 2190 @!@!@
@!@!@STARTMSG 2200:0 @!@!@
Progress(22) at 2025-05-25 21:01:28: 188,767 states generated (188,767 s/min), 46,493 distinct states found (46,493 ds/min), 12,644 states left on queue.
@!@!@ENDMSG 2200 @!@!@
@!@!@STARTMSG 2200:0 @!@!@
Progress(38) at 2025-05-25 21:02:28: 5,780,659 states generated (5,591,892 s/min), 1,407,443 distinct states found (1,360,950 ds/min), 189,767 states left on queue.
@!@!@ENDMSG 2200 @!@!@
@!@!@STARTMSG 2200:0 @!@!@
Progress(43) at 2025-05-25 21:03:28: 11,180,970 states generated (5,400,311 s/min), 2,727,757 distinct states found (1,320,314 ds/min), 275,800 states left on queue.
@!@!@ENDMSG 2200 @!@!@
